// Jest Snapshot v1, https://goo.gl/fbAQLP

exports[`renders correctly by snapshot 1`] = `
<section
  className="desserts"
>
  <div
    className="card"
  >
    <ul>
      <li
        className="dessert"
      >
        <div>
          <h3>
            Apple & Blackberry Crumble
          </h3>
          <div
            className="description"
          >
            Best pia you ever tried!
          </div>
          <div
            className="price"
          >
            $22.99
          </div>
        </div>
        <div>
          <form
            className="form"
            onSubmit={[Function]}
          >
            <div
              className="input"
            >
              <label
                htmlFor="amount"
              >
                Amount
              </label>
              <input
                defaultValue="1"
                id="amount"
                max="5"
                min="1"
                step="1"
                type="number"
              />
            </div>
            <button>
              + Add
            </button>
          </form>
        </div>
      </li>
      <li
        className="dessert"
      >
        <div>
          <h3>
            Banana Pancake
          </h3>
          <div
            className="description"
          >
            Our specialty!
          </div>
          <div
            className="price"
          >
            $16.50
          </div>
        </div>
        <div>
          <form
            className="form"
            onSubmit={[Function]}
          >
            <div
              className="input"
            >
              <label
                htmlFor="amount"
              >
                Amount
              </label>
              <input
                defaultValue="1"
                id="amount"
                max="5"
                min="1"
                step="1"
                type="number"
              />
            </div>
            <button>
              + Add
            </button>
          </form>
        </div>
      </li>
      <li
        className="dessert"
      >
        <div>
          <h3>
            Choc Chip Pecan Pie
          </h3>
          <div
            className="description"
          >
            Part of our rotating desserts and a deal of the day!
          </div>
          <div
            className="price"
          >
            $12.99
          </div>
        </div>
        <div>
          <form
            className="form"
            onSubmit={[Function]}
          >
            <div
              className="input"
            >
              <label
                htmlFor="amount"
              >
                Amount
              </label>
              <input
                defaultValue="1"
                id="amount"
                max="5"
                min="1"
                step="1"
                type="number"
              />
            </div>
            <button>
              + Add
            </button>
          </form>
        </div>
      </li>
      <li
        className="dessert"
      >
        <div>
          <h3>
            Chocolate Caramel Crispy cake
          </h3>
          <div
            className="description"
          >
            Melts is your mouth!
          </div>
          <div
            className="price"
          >
            $18.99
          </div>
        </div>
        <div>
          <form
            className="form"
            onSubmit={[Function]}
          >
            <div
              className="input"
            >
              <label
                htmlFor="amount"
              >
                Amount
              </label>
              <input
                defaultValue="1"
                id="amount"
                max="5"
                min="1"
                step="1"
                type="number"
              />
            </div>
            <button>
              + Add
            </button>
          </form>
        </div>
      </li>
    </ul>
  </div>
</section>
`;
